// Jest Snapshot v1, https://goo.gl/fbAQLP

exports[`Reset component renders without error 1`] = `ShallowWrapper {}`;

exports[`Reset component renders without errors 1`] = `ShallowWrapper {}`;
