// Jest Snapshot v1, https://goo.gl/fbAQLP

exports[`Get follower component renders without errors 1`] = `ShallowWrapper {}`;
