// Jest Snapshot v1, https://goo.gl/fbAQLP

exports[`get notification component renders without errors 1`] = `ShallowWrapper {}`;
