// Jest Snapshot v1, https://goo.gl/fbAQLP

exports[`get followees component renders without errors 1`] = `ShallowWrapper {}`;
